// Jest Snapshot v1, https://goo.gl/fbAQLP

exports[`FhiToast snapshot test 1`] = `
<div
  aria-atomic="true"
  aria-live="assertive"
  className="fade toast FhiToast__MarginToast-sc-10dpyte-0 gCxjPv show"
  role="alert"
>
  <div
    className="FhiToast__ToastBody-sc-10dpyte-1 NfMJL toast-body"
  >
    This is a toast!
    <button
      className="FhiToast__CloseButton-sc-10dpyte-2 hARZvN btn-close ml-2 mb-1"
      data-dismiss="toast"
      type="button"
    >
      <span
        aria-hidden="true"
      >
        Ã—
      </span>
      <span
        className="sr-only"
      >
        Close
      </span>
    </button>
  </div>
</div>
`;
