// Jest Snapshot v1, https://goo.gl/fbAQLP

exports[`FhiSpinner snapshot test 1`] = `
<div
  className="spinner-border  "
  role="status"
>
  <span
    className="visually-hidden"
  >
    Loading...
  </span>
</div>
`;
