// Jest Snapshot v1, https://goo.gl/fbAQLP

exports[`FhiButton snapshot test 1`] = `
<button
  className=" btn fhi-btn-primary"
  onClick={[Function]}
  type="button"
>
  test
</button>
`;
